// Jest Snapshot v1, https://goo.gl/fbAQLP

exports[`Ranking component renders Ranking 1`] = `
<ContextProvider>
  <Component />
</ContextProvider>
`;
